color black/cyan yellow/cyan
timeout 10

#graphicsmode 0x6A
graphicsmode -1 640 480:800 24:32 || graphicsmode -1
## Menu AutoNumber
write 0x8274 0x2001

#graphicsmode -1 800:640 -1 24:32 || graphicsmode -1
#font /unifont.hex.gz


#clear mappings and set root in case we return from bootmgr
map --unmap=0:0xff
map --unhook
map --rehook
ls /usbdrive.tag > nul || find --set-root --devices=hf /usbdrive.tag > nul
ls /default > nul && default /default



title Windows NT6 (Vista/7 and above) Setup
map --unhook
map --unmap=0:0xff && map --rehook
savedefault +1
ls /shifthd.bat > nul || find --set-root --devices=hf /shifthd.bat
/shifthd.bat
if "%RDSK%"=="" pause Fatal error while swapping hard disk order, cannot continue! && configfile /menu.lst
root (hd%RDSK%,0)
chainloader /BOOTMGR

title Second part/continue NT6 Setup (Boot first internal disk)
map --unhook
map --unmap=0:0xff && map --rehook
savedefault
ls /shifthd.bat > nul || find --set-root --devices=hf /shifthd.bat
/shifthd.bat
if "%RDSK%"=="" pause Fatal error while swapping hard disk order, cannot continue! && configfile /menu.lst
pause --wait=1 Booting MBR on hd0 ...
chainloader (hd0)+1
